
> studyroom-ai-frontend@1.0.0 build
> next build

  Γû▓ Next.js 14.2.35
  - Environments: .env.local

   Creating an optimized production build ...
 Γ£ô Compiled successfully
   Linting and checking validity of types ...
npm : 
At line:1 char:15
+ cd frontend ; npm run 
build > build_output.txt 2>&1
+               ~~~~~~~~~~~~~
~~~~~~~~~~~~~~~~~~~~~~~~
    + CategoryInfo           
   : NotSpecified: (:String  
  ) [], RemoteException
    + FullyQualifiedErrorId  
   : NativeCommandError
 
Failed to compile.

./app/dashboard/page.tsx
48:19  Warning: Unexpected 
any. Specify a different 
type.  @typescript-eslint/no-
explicit-any
58:19  Warning: Unexpected 
any. Specify a different 
type.  @typescript-eslint/no-
explicit-any
93:15  Warning: Using 
`<img>` could result in 
slower LCP and higher 
bandwidth. Consider using 
`<Image />` from 
`next/image` to 
automatically optimize 
images. This may incur 
additional usage or cost 
from your provider. See: http
s://nextjs.org/docs/messages/
no-img-element  
@next/next/no-img-element
205:34  Error: 'err' is 
defined but never used.  @typ
escript-eslint/no-unused-vars
205:39  Warning: Unexpected 
any. Specify a different 
type.  @typescript-eslint/no-
explicit-any

./app/room/[id]/page.tsx
64:19  Warning: Unexpected 
any. Specify a different 
type.  @typescript-eslint/no-
explicit-any
87:19  Warning: Unexpected 
any. Specify a different 
type.  @typescript-eslint/no-
explicit-any
98:19  Warning: Unexpected 
any. Specify a different 
type.  @typescript-eslint/no-
explicit-any
107:19  Warning: Unexpected 
any. Specify a different 
type.  @typescript-eslint/no-
explicit-any
119:19  Warning: Unexpected 
any. Specify a different 
type.  @typescript-eslint/no-
explicit-any
135:19  Warning: Unexpected 
any. Specify a different 
type.  @typescript-eslint/no-
explicit-any

./components/modals/FilePrevi
ewModal.tsx
104:19  Warning: Using 
`<img>` could result in 
slower LCP and higher 
bandwidth. Consider using 
`<Image />` from 
`next/image` to 
automatically optimize 
images. This may incur 
additional usage or cost 
from your provider. See: http
s://nextjs.org/docs/messages/
no-img-element  
@next/next/no-img-element

./components/room/FileList.ts
x
139:32  Error: 'err' is 
defined but never used.  @typ
escript-eslint/no-unused-vars

./components/room/MembersPane
l.tsx
95:19  Warning: Using 
`<img>` could result in 
slower LCP and higher 
bandwidth. Consider using 
`<Image />` from 
`next/image` to 
automatically optimize 
images. This may incur 
additional usage or cost 
from your provider. See: http
s://nextjs.org/docs/messages/
no-img-element  
@next/next/no-img-element

info  - Need to disable some 
ESLint rules? Learn more 
here: https://nextjs.org/docs
/basic-features/eslint#disabl
ing-rules
